src/app/(dashboard)/marks/entry/[examId]/page.tsx(37,38): error TS2339: Property 'entries' does not exist on type 'Exam'.
src/app/(dashboard)/marks/entry/[examId]/page.tsx(39,26): error TS2339: Property 'entries' does not exist on type 'Exam'.
src/app/(dashboard)/marks/entry/[examId]/page.tsx(39,43): error TS7006: Parameter 'entry' implicitly has an 'any' type.
src/app/(dashboard)/marks/entry/[examId]/page.tsx(209,60): error TS2339: Property 'calculateGrade' does not exist on type '{ addExam: (exam: Omit<Exam, "id">) => Promise<{ grade: string; createdAt?: any; name: string; date: string; subjects: string[]; maxMarks: number; id: string; }>; getExam: (id: string) => Promise<...>; ... 8 more ...; getPassStatus: (percentage: number, passingPercentage?: number) => "Pass" | "Fail"; }'.
src/app/(dashboard)/marks/new-exam/page.tsx(39,32): error TS2339: Property 'createExam' does not exist on type '{ addExam: (exam: Omit<Exam, "id">) => Promise<{ grade: string; createdAt?: any; name: string; date: string; subjects: string[]; maxMarks: number; id: string; }>; getExam: (id: string) => Promise<...>; ... 8 more ...; getPassStatus: (percentage: number, passingPercentage?: number) => "Pass" | "Fail"; }'.
src/app/(dashboard)/students/add/page.tsx(20,9): error TS2353: Object literal may only specify known properties, and 'email' does not exist in type 'Omit<Student, "id" | "createdAt"> | (() => Omit<Student, "id" | "createdAt">)'.
